// Jest Snapshot v1, https://goo.gl/fbAQLP

exports[`ClickableDropdown Closed clickable dropdown 1`] = `
.c1 {
  cursor: pointer;
}

.c0 {
  position: relative;
  display: inline-block;
}

.c0:hover > div {
  display: block;
}

<div
  className="c0"
  data-tag="dropdown"
>
  <span
    className="c1"
    cursor="pointer"
    onClick={[Function]}
  >
    <button />
  </span>
</div>
`;
