// Jest Snapshot v1, https://goo.gl/fbAQLP

exports[`Status Mount component 1`] = `
.c0 {
  -webkit-font-smoothing: antialiased;
  display: -webkit-inline-box;
  display: -webkit-inline-flex;
  display: -ms-inline-flexbox;
  display: inline-flex;
  -webkit-box-pack: center;
  -webkit-justify-content: center;
  -ms-flex-pack: center;
  justify-content: center;
  -webkit-align-items: center;
  -webkit-box-align: center;
  -ms-flex-align: center;
  align-items: center;
  text-align: center;
  -webkit-text-decoration: none;
  text-decoration: none;
  font-family: inherit;
  font-weight: 700;
  line-height: 1.5;
  cursor: pointer;
  border-radius: 5px;
  background-color: #00C05A;
  color: #fff;
  border-width: 0;
  border-style: solid;
  -webkit-transition: cubic-bezier(0.5,0,0.25,1) 60ms;
  transition: cubic-bezier(0.5,0,0.25,1) 60ms;
  font-size: 14px;
  padding: 9.5px 18px;
}

.c0:disabled {
  opacity: 0.25;
}

.c0:focus {
  outline: none;
}

.c0:hover {
  -webkit-transform: scale(1.03);
  -ms-transform: scale(1.03);
  transform: scale(1.03);
}

<a
  href="/status"
  onClick={[Function]}
>
  <button
    className="c0"
    color="green"
    title="The system is running as intended."
  >
    No Issues
  </button>
</a>
`;
