// Jest Snapshot v1, https://goo.gl/fbAQLP

exports[`Shares List Shares component 1`] = `
.c0 {
  cursor: auto;
  margin-left: 68px;
  padding-top: 48px;
  padding-bottom: 14px;
  padding-left: 14px;
  padding-right: 0;
  background-color: #fff;
}

.c5 {
  cursor: auto;
  padding-top: 55px;
  padding-right: 14px;
}

.c7 {
  cursor: inherit;
  font-size: 24px;
  text-align: center;
  margin: 0;
  font-weight: 400;
}

.c6 {
  cursor: auto;
}

.c2 {
  cursor: inherit;
  display: -webkit-box;
  display: -webkit-flex;
  display: -ms-flexbox;
  display: flex;
  border-bottom: 1px solid #f5f7f9;
  cursor: pointer;
}

.c3 {
  cursor: pointer;
  margin-right: 1em;
  border-bottom: 2px solid #006aff;
}

.c4 {
  cursor: pointer;
  margin-right: 1em;
}

.c1 {
  cursor: auto;
  padding-top: 14px;
  padding-bottom: 14px;
  padding-left: 82px;
  padding-right: 14px;
  width: 100%;
  height: 55px;
  background-color: #fff;
  position: absolute;
  top: 48px;
  left: 0;
  position: fixed;
  z-index: 50;
}

@media screen and (min-width:768px) and (max-width:1023px) {
  .c6 {
    display: none;
  }
}

@media screen and (min-width:1024px) and (max-width:1279px) {
  .c6 {
    display: none;
  }
}

@media screen and (min-width:1280px) {
  .c6 {
    display: none;
  }
}

<div
  className="c0"
  cursor="auto"
>
  <div
    className="c1"
    cursor="auto"
    height={55}
    width={1}
  >
    <div
      className="c2"
      cursor="inherit"
    >
      <div
        className="c3"
        cursor="pointer"
        onClick={[Function]}
        selected={true}
      >
        Shared with Me
      </div>
      <div
        className="c4"
        cursor="pointer"
        onClick={[Function]}
        selected={false}
      >
        Shared by Me
      </div>
    </div>
  </div>
  <div
    className="c5"
    cursor="auto"
  >
    <div
      className="c6"
      cursor="auto"
    />
    <h3
      className="c7"
      cursor="inherit"
      fontSize={4}
    >
      No shares
      <br />
      <small>
        Files shared will appear here.
      </small>
    </h3>
  </div>
</div>
`;
