// Jest Snapshot v1, https://goo.gl/fbAQLP

exports[`BackgroundTasks Mount 1`] = `null`;
