// Jest Snapshot v1, https://goo.gl/fbAQLP

exports[`UserCreation Mount 1`] = `
.c0 {
  margin-left: 190px;
  padding-top: 48px;
  padding-bottom: 14px;
  padding-left: 14px;
  padding-right: 0;
  background-color: #fff;
}

.c3 {
  padding-top: 64px;
  padding-right: 14px;
}

.c7 {
  font-smoothing: antialiased;
  display: -webkit-inline-box;
  display: -webkit-inline-flex;
  display: -ms-inline-flexbox;
  display: inline-flex;
  -webkit-box-pack: center;
  -webkit-justify-content: center;
  -ms-flex-pack: center;
  justify-content: center;
  -webkit-align-items: center;
  -webkit-box-align: center;
  -ms-flex-align: center;
  align-items: center;
  text-align: center;
  -webkit-text-decoration: none;
  text-decoration: none;
  font-family: inherit;
  font-weight: 700;
  line-height: 1.5;
  cursor: pointer;
  border-radius: 5px;
  background-color: var(--green,#f00);
  color: var(--white,#f00);
  border-width: 0;
  border-style: solid;
  -webkit-transition: cubic-bezier(0.5,0,0.25,1) 60ms;
  transition: cubic-bezier(0.5,0,0.25,1) 60ms;
  font-size: 14px;
  padding: 9.5px 18px;
}

.c7:disabled {
  opacity: 0.25;
}

.c7:focus {
  outline: none;
}

.c7:hover {
  -webkit-transform: scale(1.03);
  -ms-transform: scale(1.03);
  transform: scale(1.03);
}

.c2 {
  cursor: inherit;
  font-size: 40px;
  margin: 0;
  font-weight: 700;
}

.c6 {
  display: block;
  font-family: inherit;
  background-color: transparent;
  color: var(--black,#f00);
  margin: 0;
  border-width: 2px;
  border-color: #c9d3df;
  border-style: solid;
  padding-top: 7px;
  padding-bottom: 7px;
  padding-left: 12px;
  padding-right: 12px;
  border-radius: 5px;
  width: 100%;
}

.c6::-webkit-input-placeholder {
  color: var(--gray,#f00);
}

.c6::-moz-placeholder {
  color: var(--gray,#f00);
}

.c6:-ms-input-placeholder {
  color: var(--gray,#f00);
}

.c6::placeholder {
  color: var(--gray,#f00);
}

.c6:focus {
  outline: none;
  background-color: transparent;
}

.c6:focus {
  outline: 0;
  border-color: #006aff;
}

.c5 {
  font-size: 10px;
  -webkit-letter-spacing: 0.2px;
  -moz-letter-spacing: 0.2px;
  -ms-letter-spacing: 0.2px;
  letter-spacing: 0.2px;
  display: block;
  margin: 0;
  margin-bottom: 1em;
  font-size: 14px;
  color: #000;
  font-weight: 700;
  width: 100%;
}

.c1 {
  padding-top: 14px;
  padding-bottom: 14px;
  padding-left: 204px;
  padding-right: 14px;
  width: 100%;
  height: 64px;
  background-color: #fff;
  position: absolute;
  top: 48px;
  left: 0;
  position: fixed;
  z-index: 50;
}

@media screen and (min-width:768px) and (max-width:1023px) {
  .c4 {
    display: none;
  }
}

@media screen and (min-width:1024px) and (max-width:1279px) {
  .c4 {
    display: none;
  }
}

@media screen and (min-width:1280px) {
  .c4 {
    display: none;
  }
}

<div
  className="c0"
>
  <div
    className="sc-AxgMl c1"
    height={64}
    width={1}
  >
    <h1
      className="c2"
      cursor="inherit"
      fontSize={6}
    >
      User Creation
    </h1>
  </div>
  <div
    className="c3"
  >
    <div
      className="c4"
    />
    <p>
      Admins can create new users on this page.
    </p>
    <form
      autoComplete="off"
      onSubmit={[Function]}
    >
      <label
        className="c5"
        color="black"
        fontSize={1}
        fontWeight="bold"
        width="100%"
      >
        Username
        <input
          className="c6"
          id="default"
          onChange={[Function]}
          placeholder="Username..."
          value=""
          width="100%"
        />
      </label>
      <label
        className="c5"
        color="black"
        fontSize={1}
        fontWeight="bold"
        width="100%"
      >
        Password
        <input
          className="c6"
          id="default"
          onChange={[Function]}
          placeholder="Password..."
          type="password"
          value=""
          width="100%"
        />
      </label>
      <label
        className="c5"
        color="black"
        fontSize={1}
        fontWeight="bold"
        width="100%"
      >
        Repeat password
        <input
          className="c6"
          id="default"
          onChange={[Function]}
          placeholder="Repeat password..."
          type="password"
          value=""
          width="100%"
        />
      </label>
      <label
        className="c5"
        color="black"
        fontSize={1}
        fontWeight="bold"
        width="100%"
      >
        Email
        <input
          className="c6"
          id="default"
          onChange={[Function]}
          placeholder="Email..."
          type="email"
          value=""
          width="100%"
        />
      </label>
      <button
        className="c7"
        color="green"
        disabled={false}
        type="submit"
      >
        Create user
      </button>
    </form>
  </div>
</div>
`;
