// Jest Snapshot v1, https://goo.gl/fbAQLP

exports[`Mount Activity Page 1`] = `
.c1 {
  margin-left: 190px;
  padding-top: 48px;
  padding-bottom: 14px;
  padding-left: 14px;
  padding-right: 0;
  background-color: #fff;
}

.c6 {
  margin-bottom: 16px;
}

.c15 {
  padding-top: 96px;
  padding-right: 340px;
}

.c18 {
  font-smoothing: antialiased;
  display: -webkit-inline-box;
  display: -webkit-inline-flex;
  display: -ms-inline-flexbox;
  display: inline-flex;
  -webkit-box-pack: center;
  -webkit-justify-content: center;
  -ms-flex-pack: center;
  justify-content: center;
  -webkit-align-items: center;
  -webkit-box-align: center;
  -ms-flex-align: center;
  align-items: center;
  text-align: center;
  -webkit-text-decoration: none;
  text-decoration: none;
  font-family: inherit;
  font-weight: 700;
  line-height: 1.5;
  cursor: pointer;
  border-radius: 5px;
  background-color: var(--blue,#f00);
  color: var(--white,#f00);
  border-width: 0;
  border-style: solid;
  -webkit-transition: cubic-bezier(0.5,0,0.25,1) 60ms;
  transition: cubic-bezier(0.5,0,0.25,1) 60ms;
  font-size: 14px;
  padding: 9.5px 18px;
}

.c18:disabled {
  opacity: 0.25;
}

.c18:focus {
  outline: none;
}

.c18:hover {
  -webkit-transform: scale(1.03);
  -ms-transform: scale(1.03);
  transform: scale(1.03);
}

.c12 {
  -webkit-flex: none;
  -ms-flex: none;
  flex: none;
  vertical-align: middle;
  cursor: inherit;
  margin-left: .7em;
}

.c17 {
  display: -webkit-box;
  display: -webkit-flex;
  display: -ms-flexbox;
  display: flex;
  -webkit-box-pack: center;
  -webkit-justify-content: center;
  -ms-flex-pack: center;
  justify-content: center;
}

.c3 {
  cursor: inherit;
  font-size: 32px;
  margin: 0;
  font-weight: 700;
}

.c7 {
  cursor: inherit;
  font-size: 24px;
  margin: 0;
  font-weight: 400;
}

.c11 {
  cursor: pointer;
}

.c9 {
  font-size: 10px;
  -webkit-letter-spacing: 0.2px;
  -moz-letter-spacing: 0.2px;
  -ms-letter-spacing: 0.2px;
  letter-spacing: 0.2px;
  display: block;
  margin: 0;
  font-size: 14px;
  color: #000;
  font-weight: 700;
  width: 100%;
}

.c10 {
  position: relative;
  display: inline-block;
}

.c10:hover > div {
  display: block;
}

.c8 {
  cursor: pointer;
  -webkit-text-decoration: none;
  text-decoration: none;
  color: #1e252e;
}

.c8:hover {
  color: #006aff;
}

.c13 {
  display: -webkit-box;
  display: -webkit-flex;
  display: -ms-flexbox;
  display: flex;
  -webkit-align-items: center;
  -webkit-box-align: center;
  -ms-flex-align: center;
  align-items: center;
  border-radius: 5px;
  border-width: 1px;
  border-style: solid;
  border-color: #c9d3df;
}

.c13 > .c0 {
  width: 100%;
  -webkit-flex: 1 1 auto;
  -ms-flex: 1 1 auto;
  flex: 1 1 auto;
}

.c13 .sc-fzokOt {
  border: 0;
  box-shadow: none;
}

.c2 {
  padding-top: 14px;
  padding-bottom: 14px;
  padding-left: 204px;
  padding-right: 14px;
  width: 100%;
  height: 96px;
  background-color: #fff;
  position: absolute;
  top: 48px;
  left: 0;
  position: fixed;
  z-index: 50;
}

.c5 {
  padding-top: 144px;
  padding-left: 14px;
  padding-right: 14px;
  width: 340px;
  height: 100%;
  position: absolute;
  top: 0;
  right: 0;
  overflow-y: auto;
  position: fixed;
  z-index: 45;
}

.c14 {
  -webkit-appearance: none;
  -moz-appearance: none;
  appearance: none;
  display: block;
  width: 100%;
  font-family: inherit;
  color: inherit;
  font-size: 14px;
  background-color: transparent;
  border-radius: 5px;
  border-width: 0px;
  border-style: solid;
  border-color: var(--borderGray,#f00);
  padding-top: 14px;
  padding-bottom: 14px;
  padding-left: 12px;
  padding-right: 12px;
  margin: 0;
}

.c14::-webkit-input-placeholder {
  color: var(--gray,#f00);
}

.c14::-moz-placeholder {
  color: var(--gray,#f00);
}

.c14:-ms-input-placeholder {
  color: var(--gray,#f00);
}

.c14::placeholder {
  color: var(--gray,#f00);
}

.c14::-ms-clear {
  display: none;
}

@media screen and (max-width:511px) {
  .c4 {
    display: none;
  }
}

@media screen and (min-width:512px) and (max-width:639px) {
  .c4 {
    display: none;
  }
}

@media screen and (min-width:640px) and (max-width:767px) {
  .c4 {
    display: none;
  }
}

@media screen and (min-width:768px) and (max-width:1023px) {
  .c16 {
    display: none;
  }
}

@media screen and (min-width:1024px) and (max-width:1279px) {
  .c16 {
    display: none;
  }
}

@media screen and (min-width:1280px) {
  .c16 {
    display: none;
  }
}

<div
  className="c0 c1"
>
  <div
    className="c0 sc-AxiKw c2"
    height={96}
    width={1}
  >
    <h2
      className="c3"
      cursor="inherit"
      fontSize={5}
    >
      File Activity
    </h2>
  </div>
  <div
    className="c0 c4"
  >
    <div
      className="c0 sc-AxiKw c5"
      height="100%"
      width={340}
    >
      <div
        className="c0 c6"
      >
        <h3
          className="c7"
          cursor="inherit"
          fontSize={4}
        >
          Quick Filters
        </h3>
        <div
          className="c0 c6"
        >
          <a
            className="c8"
            color="text"
            href="#"
            onClick={[Function]}
            style={
              Object {
                "display": "block",
              }
            }
          >
            Today
          </a>
          <a
            className="c8"
            color="text"
            href="#"
            onClick={[Function]}
            style={
              Object {
                "display": "block",
              }
            }
          >
            Yesterday
          </a>
          <a
            className="c8"
            color="text"
            href="#"
            onClick={[Function]}
            style={
              Object {
                "display": "block",
              }
            }
          >
            This week
          </a>
          <a
            className="c8"
            color="text"
            href="#"
            onClick={[Function]}
            style={
              Object {
                "display": "block",
              }
            }
          >
            No filter
          </a>
        </div>
      </div>
      <h3
        className="c7"
        cursor="inherit"
        fontSize={4}
      >
        Active Filters
      </h3>
      <div
        className="c0 c6"
      >
        <label
          className="c9"
          color="black"
          fontSize={1}
          fontWeight="bold"
          width="100%"
        >
          Filter by event type
        </label>
        <div
          className="c10"
          data-tag="dropdown"
        >
          <span
            className="c11"
            cursor="pointer"
            onClick={[Function]}
          >
            Don't filter
            <svg
              className="c12"
              clipRule="evenodd"
              cursor="inherit"
              fill="currentcolor"
              fillRule="evenodd"
              height=".7em"
              ml=".7em"
              viewBox="0 0 24 20"
              width=".7em"
            >
              <path
                d="M11.998 19.999c-.598 0-1.028-.61-1.028-.61L.365 2.268C-.453 1.02.153 0 1.703 0h20.593c1.554 0 2.156 1.02 1.34 2.27l-10.61 17.121c0-.002-.43.608-1.028.608z"
                fillRule="nonzero"
              />
            </svg>
          </span>
        </div>
      </div>
      <div
        className="c0 c6"
      >
        <label
          className="c9"
          color="black"
          fontSize={1}
          fontWeight="bold"
          width="100%"
        >
          Event created after
        </label>
        <div
          className="c13"
        >
          <div
            className="react-datepicker-wrapper"
          >
            <div
              className="react-datepicker__input-container"
            >
              <input
                className="c14"
                disabled={false}
                onBlur={[Function]}
                onChange={[Function]}
                onClick={[Function]}
                onFocus={[Function]}
                onKeyDown={[Function]}
                placeholder="Don't filter"
                readOnly={false}
                type="text"
                value=""
              />
            </div>
          </div>
        </div>
      </div>
      <div
        className="c0 c6"
      >
        <label
          className="c9"
          color="black"
          fontSize={1}
          fontWeight="bold"
          width="100%"
        >
          Event created before
        </label>
        <div
          className="c13"
        >
          <div
            className="react-datepicker-wrapper"
          >
            <div
              className="react-datepicker__input-container"
            >
              <input
                className="c14"
                disabled={false}
                onBlur={[Function]}
                onChange={[Function]}
                onClick={[Function]}
                onFocus={[Function]}
                onKeyDown={[Function]}
                placeholder="Don't filter"
                readOnly={false}
                type="text"
                value=""
              />
            </div>
          </div>
        </div>
      </div>
    </div>
  </div>
  <div
    className="c0 c15"
  >
    <div
      className="c0 c16"
    >
      <div
        className="c0 c6"
      >
        <h3
          className="c7"
          cursor="inherit"
          fontSize={4}
        >
          Quick Filters
        </h3>
        <div
          className="c0 c6"
        >
          <a
            className="c8"
            color="text"
            href="#"
            onClick={[Function]}
            style={
              Object {
                "display": "block",
              }
            }
          >
            Today
          </a>
          <a
            className="c8"
            color="text"
            href="#"
            onClick={[Function]}
            style={
              Object {
                "display": "block",
              }
            }
          >
            Yesterday
          </a>
          <a
            className="c8"
            color="text"
            href="#"
            onClick={[Function]}
            style={
              Object {
                "display": "block",
              }
            }
          >
            This week
          </a>
          <a
            className="c8"
            color="text"
            href="#"
            onClick={[Function]}
            style={
              Object {
                "display": "block",
              }
            }
          >
            No filter
          </a>
        </div>
      </div>
      <h3
        className="c7"
        cursor="inherit"
        fontSize={4}
      >
        Active Filters
      </h3>
      <div
        className="c0 c6"
      >
        <label
          className="c9"
          color="black"
          fontSize={1}
          fontWeight="bold"
          width="100%"
        >
          Filter by event type
        </label>
        <div
          className="c10"
          data-tag="dropdown"
        >
          <span
            className="c11"
            cursor="pointer"
            onClick={[Function]}
          >
            Don't filter
            <svg
              className="c12"
              clipRule="evenodd"
              cursor="inherit"
              fill="currentcolor"
              fillRule="evenodd"
              height=".7em"
              ml=".7em"
              viewBox="0 0 24 20"
              width=".7em"
            >
              <path
                d="M11.998 19.999c-.598 0-1.028-.61-1.028-.61L.365 2.268C-.453 1.02.153 0 1.703 0h20.593c1.554 0 2.156 1.02 1.34 2.27l-10.61 17.121c0-.002-.43.608-1.028.608z"
                fillRule="nonzero"
              />
            </svg>
          </span>
        </div>
      </div>
      <div
        className="c0 c6"
      >
        <label
          className="c9"
          color="black"
          fontSize={1}
          fontWeight="bold"
          width="100%"
        >
          Event created after
        </label>
        <div
          className="c13"
        >
          <div
            className="react-datepicker-wrapper"
          >
            <div
              className="react-datepicker__input-container"
            >
              <input
                className="c14"
                disabled={false}
                onBlur={[Function]}
                onChange={[Function]}
                onClick={[Function]}
                onFocus={[Function]}
                onKeyDown={[Function]}
                placeholder="Don't filter"
                readOnly={false}
                type="text"
                value=""
              />
            </div>
          </div>
        </div>
      </div>
      <div
        className="c0 c6"
      >
        <label
          className="c9"
          color="black"
          fontSize={1}
          fontWeight="bold"
          width="100%"
        >
          Event created before
        </label>
        <div
          className="c13"
        >
          <div
            className="react-datepicker-wrapper"
          >
            <div
              className="react-datepicker__input-container"
            >
              <input
                className="c14"
                disabled={false}
                onBlur={[Function]}
                onChange={[Function]}
                onClick={[Function]}
                onFocus={[Function]}
                onKeyDown={[Function]}
                placeholder="Don't filter"
                readOnly={false}
                type="text"
                value=""
              />
            </div>
          </div>
        </div>
      </div>
    </div>
    <div>
      <h2
        className="c3"
        cursor="inherit"
        fontSize={5}
      >
        No results.
      </h2>
    </div>
    <div
      className="c17"
    >
      <button
        className="c18"
        color="blue"
        disabled={false}
        onClick={[Function]}
      >
        Load more
      </button>
    </div>
  </div>
</div>
`;
